// Jest Snapshot v1, https://goo.gl/fbAQLP

exports[`<TimeEntryRow /> renders according to full snapshot 1`] = `
<div>
  <table>
    <tbody>
      <tr>
        <td
          class="pl-4 pr-3 font-medium whitespace-nowrap py-4 text-sm  text-gray-900 sm:pl-6"
        >
          2
        </td>
        <td
          class="px-3 whitespace-nowrap py-4 text-sm  text-gray-900 sm:pl-6"
        >
          2022-10-20
        </td>
        <td
          class="px-3 whitespace-nowrap py-4 text-sm  text-gray-900 sm:pl-6"
        >
          ANFANGEN REACT TESTING ZU LERNEN
        </td>
      </tr>
    </tbody>
  </table>
</div>
`;
